// Jest Snapshot v1, https://goo.gl/fbAQLP

exports[`render when passing the props 1`] = `
<View
  style={
    Array [
      Object {
        "backgroundColor": "#0b0805",
      },
      Object {
        "backgroundColor": "transparent",
        "height": 220,
        "paddingStart": 15,
        "width": "100%",
      },
    ]
  }
>
  <RCTScrollView
    data={Array []}
    getItem={[Function]}
    getItemCount={[Function]}
    horizontal={true}
    keyExtractor={[Function]}
    onContentSizeChange={[Function]}
    onLayout={[Function]}
    onMomentumScrollBegin={[Function]}
    onMomentumScrollEnd={[Function]}
    onScroll={[Function]}
    onScrollBeginDrag={[Function]}
    onScrollEndDrag={[Function]}
    removeClippedSubviews={false}
    renderItem={[Function]}
    scrollEventThrottle={50}
    stickyHeaderIndices={Array []}
    viewabilityConfigCallbackPairs={Array []}
  >
    <View />
  </RCTScrollView>
</View>
`;
