// Jest Snapshot v1, https://goo.gl/fbAQLP

exports[`Loading renders correctly 1`] = `
<ActivityIndicator
  style={
    Object {
      "marginBottom": "auto",
      "marginTop": "auto",
    }
  }
/>
`;
