// Jest Snapshot v1, https://goo.gl/fbAQLP

exports[`render when passing the props 1`] = `null`;
