// Jest Snapshot v1, https://goo.gl/fbAQLP

exports[`render when passing the props 1`] = `
<View
  accessibilityState={
    Object {
      "disabled": false,
    }
  }
  accessible={true}
  collapsable={false}
  focusable={true}
  onClick={[Function]}
  onResponderGrant={[Function]}
  onResponderMove={[Function]}
  onResponderRelease={[Function]}
  onResponderTerminate={[Function]}
  onResponderTerminationRequest={[Function]}
  onStartShouldSetResponder={[Function]}
  style={
    Object {
      "alignItems": "center",
      "backgroundColor": "#ed832d",
      "borderColor": "#ed832d",
      "borderRadius": 10,
      "borderWidth": 1,
      "display": "flex",
      "flexDirection": "row",
      "justifyContent": "center",
      "opacity": 1,
      "paddingHorizontal": 30,
      "paddingVertical": 12,
      "width": "50%",
    }
  }
>
  <Text
    style={
      Array [
        Object {
          "color": "#fff",
          "fontFamily": "objektiv",
        },
        Object {
          "color": "#0b0805",
          "fontSize": 18,
        },
      ]
    }
  >
    continue
  </Text>
  <View
    color="#0b0805"
    name="share"
    size={20}
    style={
      Array [
        Object {
          "paddingHorizontal": 10,
        },
      ]
    }
  />
</View>
`;
