// Jest Snapshot v1, https://goo.gl/fbAQLP

exports[`render when passing the props 1`] = `
<View
  style={
    Array [
      Object {
        "backgroundColor": "#0b0805",
      },
      Object {
        "backgroundColor": "#999a81",
        "borderRadius": 20,
        "flexDirection": "row",
        "height": 5,
        "marginVertical": 3,
        "width": "100%",
      },
    ]
  }
>
  <View
    style={
      Array [
        Object {
          "backgroundColor": "#0b0805",
        },
        Object {
          "backgroundColor": "#ed832d",
          "borderRadius": 20,
          "width": "0%",
        },
      ]
    }
  />
</View>
`;
