// Jest Snapshot v1, https://goo.gl/fbAQLP

exports[`render when passing the props 1`] = `
<View
  style={
    Array [
      Object {
        "backgroundColor": "#0b0805",
      },
      Object {
        "alignItems": "center",
        "flex": 1,
      },
    ]
  }
>
  <View
    style={
      Array [
        Object {
          "backgroundColor": "#0b0805",
        },
        Object {
          "alignItems": "center",
          "backgroundColor": "transparent",
          "flex": 1,
          "justifyContent": "center",
          "width": "100%",
        },
      ]
    }
  >
    <Text
      adjustsFontSizeToFit={true}
      numberOfLines={1}
      style={
        Array [
          Object {
            "color": "#fff",
            "fontFamily": "objektiv",
          },
          Array [
            Object {
              "fontFamily": "objektiv-semi-bold",
              "fontSize": 20,
            },
            Object {
              "fontSize": 28,
            },
          ],
        ]
      }
    >
      Refer a Friend
    </Text>
    <Text
      adjustsFontSizeToFit={true}
      numberOfLines={7}
      style={
        Array [
          Object {
            "color": "#fff",
            "fontFamily": "objektiv",
          },
          Object {
            "color": "#999a81",
            "fontSize": 20,
            "marginBottom": 30,
            "marginTop": 30,
            "textAlign": "center",
            "width": "80%",
          },
        ]
      }
    >
      Help others prioritize family time by referring them to Aro.
      


      They will receive a discount to get started and you will earn a one month credit per referral.
    </Text>
    <View
      accessibilityState={
        Object {
          "disabled": false,
        }
      }
      accessible={true}
      collapsable={false}
      focusable={true}
      onClick={[Function]}
      onResponderGrant={[Function]}
      onResponderMove={[Function]}
      onResponderRelease={[Function]}
      onResponderTerminate={[Function]}
      onResponderTerminationRequest={[Function]}
      onStartShouldSetResponder={[Function]}
      style={
        Object {
          "alignItems": "center",
          "backgroundColor": "transparent",
          "borderColor": "white",
          "borderRadius": 10,
          "borderWidth": 1,
          "display": "flex",
          "flexDirection": "row",
          "justifyContent": "center",
          "marginTop": 30,
          "opacity": 1,
          "paddingHorizontal": 30,
          "paddingVertical": 12,
          "width": "80%",
        }
      }
    >
      <Text
        style={
          Array [
            Object {
              "color": "#fff",
              "fontFamily": "objektiv",
            },
            Object {
              "color": "white",
              "fontSize": 18,
            },
          ]
        }
      >
        Invite Your Contacts
      </Text>
      <View
        color="#ed832d"
        name="message-square"
        size={20}
        style={
          Array [
            Object {
              "paddingHorizontal": 10,
            },
          ]
        }
      />
    </View>
    <View
      accessibilityState={
        Object {
          "disabled": false,
        }
      }
      accessible={true}
      collapsable={false}
      focusable={true}
      onClick={[Function]}
      onResponderGrant={[Function]}
      onResponderMove={[Function]}
      onResponderRelease={[Function]}
      onResponderTerminate={[Function]}
      onResponderTerminationRequest={[Function]}
      onStartShouldSetResponder={[Function]}
      style={
        Object {
          "alignItems": "center",
          "backgroundColor": "transparent",
          "borderColor": "white",
          "borderRadius": 10,
          "borderWidth": 1,
          "display": "flex",
          "flexDirection": "row",
          "justifyContent": "center",
          "marginTop": 30,
          "opacity": 1,
          "paddingHorizontal": 30,
          "paddingVertical": 12,
          "width": "80%",
        }
      }
    >
      <Text
        style={
          Array [
            Object {
              "color": "#fff",
              "fontFamily": "objektiv",
            },
            Object {
              "color": "white",
              "fontSize": 18,
            },
          ]
        }
      >
        Share My Referral Link
      </Text>
      <View
        color="#ed832d"
        name="link"
        size={20}
        style={
          Array [
            Object {
              "paddingHorizontal": 10,
            },
          ]
        }
      />
    </View>
  </View>
  <Image
    source={
      Object {
        "uri": "https://storage.googleapis.com/aro-public/assets/photos/login-background-02.jpeg",
      }
    }
    style={
      Object {
        "height": "100%",
        "left": 0,
        "opacity": 0.25,
        "position": "absolute",
        "top": 0,
        "width": "100%",
        "zIndex": -1,
      }
    }
  />
</View>
`;
