// Jest Snapshot v1, https://goo.gl/fbAQLP

exports[`render when passing the props 1`] = `
<View
  style={
    Array [
      Object {
        "backgroundColor": "#0b0805",
      },
      Object {
        "alignItems": "center",
        "backgroundColor": "transparent",
        "display": "flex",
        "flexDirection": "row",
        "justifyContent": "center",
        "width": "100%",
      },
    ]
  }
>
  <View
    style={
      Array [
        Object {
          "backgroundColor": "#0b0805",
        },
        Object {
          "alignItems": "center",
          "backgroundColor": "transparent",
          "display": "flex",
          "left": "35%",
          "position": "absolute",
          "top": "33%",
          "width": "30%",
        },
      ]
    }
  >
    <Text
      adjustsFontSizeToFit={true}
      numberOfLines={1}
      style={
        Array [
          Object {
            "color": "#fff",
            "fontFamily": "objektiv",
          },
          Object {
            "color": "white",
            "fontFamily": "objektiv-semi-bold",
            "fontSize": 40,
            "paddingLeft": 0,
            "textAlign": "center",
            "width": "100%",
          },
        ]
      }
    >
      0:00
    </Text>
  </View>
  <View
    style={
      Array [
        Object {
          "backgroundColor": "#0b0805",
        },
        Object {
          "alignItems": "flex-end",
          "backgroundColor": "transparent",
          "display": "flex",
          "flexDirection": "column",
          "left": 0,
          "position": "absolute",
          "top": "20%",
          "width": "20%",
        },
      ]
    }
  >
    <Text
      style={
        Array [
          Object {
            "color": "#fff",
            "fontFamily": "objektiv",
          },
          Object {
            "color": "#999a81",
            "fontFamily": "objektiv-semi-bold",
            "textAlign": "center",
          },
        ]
      }
    >
      0
      <Text
        style={
          Array [
            Object {
              "color": "#fff",
              "fontFamily": "objektiv",
            },
            Object {
              "color": "#999a81",
              "fontFamily": "objektiv-semi-bold",
              "fontSize": 8,
            },
          ]
        }
      >
        %
      </Text>
    </Text>
    <Text
      style={
        Array [
          Object {
            "color": "#fff",
            "fontFamily": "objektiv",
          },
          Object {
            "color": "#999a81",
            "fontSize": 8,
            "textAlign": "center",
          },
        ]
      }
    >
      Daily Time
    </Text>
  </View>
  <View
    style={
      Array [
        Object {
          "backgroundColor": "#0b0805",
        },
        Object {
          "alignItems": "flex-end",
          "backgroundColor": "transparent",
          "display": "flex",
          "flexDirection": "column",
          "left": 0,
          "position": "absolute",
          "top": "70%",
          "width": "20%",
        },
      ]
    }
  >
    <View
      style={
        Array [
          Object {
            "backgroundColor": "#0b0805",
          },
          Object {
            "alignItems": "center",
            "display": "flex",
            "flexDirection": "row",
            "justifyContent": "center",
          },
        ]
      }
    >
      <Text
        style={
          Array [
            Object {
              "color": "#fff",
              "fontFamily": "objektiv",
            },
            Object {
              "color": "#999a81",
              "fontFamily": "objektiv-semi-bold",
              "textAlign": "center",
            },
          ]
        }
      >
        0
      </Text>
      <Text
        style={
          Array [
            Object {
              "color": "#fff",
              "fontFamily": "objektiv",
            },
            Object {
              "fontSize": 10,
              "paddingLeft": 2,
            },
          ]
        }
      >
        ðŸ”¥
      </Text>
    </View>
    <Text
      style={
        Array [
          Object {
            "color": "#fff",
            "fontFamily": "objektiv",
          },
          Object {
            "color": "#999a81",
            "fontSize": 8,
            "textAlign": "center",
          },
        ]
      }
    >
      Day Streak
    </Text>
  </View>
  <View
    accessible={true}
    collapsable={false}
    focusable={true}
    onBlur={[Function]}
    onClick={[Function]}
    onFocus={[Function]}
    onResponderGrant={[Function]}
    onResponderMove={[Function]}
    onResponderRelease={[Function]}
    onResponderTerminate={[Function]}
    onResponderTerminationRequest={[Function]}
    onStartShouldSetResponder={[Function]}
    style={
      Object {
        "alignItems": "flex-start",
        "backgroundColor": "transparent",
        "display": "flex",
        "flexDirection": "column",
        "marginLeft": "auto",
        "opacity": 1,
        "paddingRight": 10,
        "position": "absolute",
        "right": 0,
        "top": "20%",
        "width": "20%",
      }
    }
  >
    <View
      onLayout={[Function]}
    />
    <View
      onLayout={[Function]}
    >
      <View
        style={
          Array [
            Object {
              "backgroundColor": "#0b0805",
            },
            Object {
              "alignItems": "center",
              "flexDirection": "row",
            },
          ]
        }
      >
        <Text
          style={
            Array [
              Object {
                "color": "#fff",
                "fontFamily": "objektiv",
              },
              Object {
                "color": "#999a81",
                "fontSize": 8,
                "textAlign": "center",
              },
            ]
          }
        >
          Goal Time
        </Text>
        <View
          color="#999a81"
          name="edit-3"
          size={10}
          style={
            Object {
              "marginLeft": 5,
            }
          }
        />
      </View>
    </View>
    <View
      onLayout={[Function]}
    />
  </View>
  <RNSVGSvgView
    bbHeight={412.50000000000006}
    bbWidth={412.50000000000006}
    focusable={false}
    height={412.50000000000006}
    style={
      Array [
        Object {
          "backgroundColor": "transparent",
          "borderWidth": 0,
        },
        Array [
          Object {
            "transform": Array [
              Object {
                "rotate": "270deg",
              },
            ],
          },
          Object {
            "shadowColor": "#ed832d",
            "shadowRadius": 33.00000000000001,
          },
          Object {
            "shadowOpacity": 0,
          },
          Object {
            "marginLeft": "auto",
            "marginRight": "auto",
          },
        ],
        Object {
          "flex": 0,
          "height": 412,
          "width": 412,
        },
      ]
    }
    width={412.50000000000006}
  >
    <RNSVGGroup
      matrix={
        Array [
          1,
          0,
          0,
          1,
          0,
          0,
        ]
      }
    >
      <RNSVGDefs>
        <RNSVGLinearGradient
          gradient={
            Array [
              0,
              -1211603,
              1,
              -943017,
            ]
          }
          gradientTransform={null}
          gradientUnits={0}
          name="gradient"
          x1={0}
          x2={0}
          y1={0}
          y2={1}
        />
        <RNSVGLinearGradient
          gradient={
            Array [
              0,
              -1211603,
              1,
              -605802,
            ]
          }
          gradientTransform={null}
          gradientUnits={0}
          name="gradient2"
          x1={1}
          x2={0}
          y1={0}
          y2={0}
        />
      </RNSVGDefs>
      <RNSVGCircle
        cx={206.25000000000003}
        cy={206.25000000000003}
        propList={
          Array [
            "stroke",
            "strokeWidth",
            "strokeDasharray",
            "strokeDashoffset",
          ]
        }
        r={165.00000000000003}
        stroke={4282196484}
        strokeDasharray={
          Array [
            1036.7255756846318,
            1036.7255756846318,
          ]
        }
        strokeDashoffset={null}
        strokeWidth={20}
      />
      <RNSVGCircle
        cx={206.25000000000003}
        cy={206.25000000000003}
        opacity={1}
        propList={
          Array [
            "stroke",
            "strokeWidth",
            "strokeDasharray",
            "strokeDashoffset",
            "strokeLinecap",
          ]
        }
        r={165.00000000000003}
        stroke={
          Array [
            1,
            "gradient",
          ]
        }
        strokeDasharray={
          Array [
            1036.7255756846318,
            1036.7255756846318,
          ]
        }
        strokeDashoffset={null}
        strokeLinecap={1}
        strokeWidth={20}
      />
    </RNSVGGroup>
  </RNSVGSvgView>
</View>
`;
