// Jest Snapshot v1, https://goo.gl/fbAQLP

exports[`render when passing the params 1`] = `
<View
  style={
    Array [
      Object {
        "flexDirection": "row",
      },
      undefined,
    ]
  }
>
  <View
    style={
      Object {
        "backgroundColor": "white",
        "borderRadius": 5,
        "height": 5,
        "marginHorizontal": 5,
        "marginTop": 0,
        "opacity": 0.5,
        "width": 5,
      }
    }
  />
</View>
`;
